[www.rj.gov.br/central/sites/default/themes/rjgov/favicon.ico]
[backblue.gif]
[fade.gif]
[index.html]
[www.rj.gov.br/libraries/fontawesome/js/all.html]
[www.rj.gov.br/libraries/fontawesome/js/v4-shims.html]
[www.rj.gov.br/central/sites/default/files/LOGO-FUNDO-REMOVIDO_0000_Camada-3 1.png]
[www.rj.gov.br/central/sites/default/themes/rjgov/partials/rj.png]
[cdn.jsdelivr.net/gh/spbgovbr-vlibras/vlibras-portal@dev/app/vlibras-plugin.js]
[www.rj.gov.br/central/sites/default/files/styles/slider_principal_826x400/public/slider_principal/CPTM (2)e3bb.png]
[www.rj.gov.br/central/sites/default/files/styles/slider_principal_826x400/public/slider_principal/Banner Reunião 21-01f214.png]
[www.rj.gov.br/central/sites/default/files/styles/slider_principal_826x400/public/slider_principal/Banner Reunião 2025 (3)2856.png]
[www.rj.gov.br/central/sites/default/files/styles/slider_principal_826x400/public/slider_principal/WhatsApp Image 2025-01-13 at 11.05.57a0b8.jpg]
[www.rj.gov.br/central/sites/default/files/styles/slider_principal_826x400/public/slider_principal/Banner Reunião 2025a593.png]
[www.rj.gov.br/central/sites/default/files/styles/slider_principal_826x400/public/slider_principal/BANNER SITE - CENTRAL RJ-4 (2)cb0c.png]
[www.rj.gov.br/central/sites/default/files/styles/slider_principal_826x400/public/slider_principal/CPTM-2b328.png]
[www.rj.gov.br/central/sites/default/files/styles/slider_principal_826x400/public/slider_principal/Pres-Central-G20_0cf59.png]
[www.rj.gov.br/central/sites/default/files/styles/imagem_306x200/public/imagem_noticias/CPTM (2)62bf.png]
[www.rj.gov.br/central/sites/default/files/styles/imagem_306x200/public/imagem_noticias/Banner Reunião 21-018c8e.png]
[www.rj.gov.br/central/sites/default/files/styles/imagem_306x200/public/imagem_noticias/Banner Reunião 2025 (3)005e.png]
[www.rj.gov.br/central/sites/default/files/inline-images/bondes-de-santa-teresa.png]
[www.rj.gov.br/central/sites/default/files/inline-images/trens.png]
[www.rj.gov.br/central/sites/default/files/inline-images/teleferico-do-alemao.png]
[www.rj.gov.br/central/sites/default/files/inline-images/WhatsApp Image 2023-12-07 at 4.56.57 PM.jpg]
[www.rj.gov.br/central/sites/default/files/inline-images/banner-ouverj-site-centralrj-2.png]
[www.rj.gov.br/central/sites/default/files/inline-images/instagram_central_rj_1.png]
[www.rj.gov.br/central/sites/default/files/inline-images/youtube_central_rj_2.png]
[www.rj.gov.br/central/sites/default/files/inline-images/facebook_central_rj_1.png]
[www.rj.gov.br/central/sites/default/themes/rjgov/partials/logo-rj-header.png]
[www.rj.gov.br/central/sites/default/themes/rjgov/partials/tecnologia_proderj_negativo.png]
[www.rj.gov.br/central/core/assets/vendor/jquery/jquery.min45e0.js]
[www.rj.gov.br/central/core/misc/polyfills/element.matches6a51.js]
[www.rj.gov.br/central/core/misc/polyfills/object.assign6a51.js]
[www.rj.gov.br/central/core/assets/vendor/once/once.minf700.js]
[www.rj.gov.br/central/core/assets/vendor/jquery-once/jquery.once.min62cf.js]
[www.rj.gov.br/central/core/misc/drupalSettingsLoader6a51.js]
[www.rj.gov.br/central/sites/default/files/languages/pt-br_G1QI4HW0_lu3yDbuUi3mIfvGTeAW6SLoeNw3y1h1xUU1921.js]
[www.rj.gov.br/central/core/misc/drupal6a51.js]
[www.rj.gov.br/central/core/misc/drupal.init6a51.js]
[www.rj.gov.br/central/sites/default/themes/rjgov/js/swiper.min3860.js]
[www.rj.gov.br/central/sites/default/themes/rjgov/js/modal/classie3860.js]
[www.rj.gov.br/central/sites/default/themes/rjgov/js/modal/modalEffectsTelefones3860.js]
[www.rj.gov.br/central/sites/default/themes/rjgov/js/main3860.js]
[www.rj.gov.br/central/sites/default/themes/rjgov/js/menu-dropdown3860.js]
[www.rj.gov.br/central/core/misc/jquery.once.bc6a51.js]
[www.rj.gov.br/central/sites/default/themes/rjgov/js/aos/dist/aos3860.js]
[www.rj.gov.br/central/sites/default/themes/rjgov/js/aos/dist/AosInit3860.js]
[www.rj.gov.br/central/sites/default/libraries/flexslider/jquery.flexslider-min1921.js]
[www.rj.gov.br/central/sites/default/modules/flexslider/assets/js/flexslider.load1921.js]
[www.rj.gov.br/central/core/assets/vendor/js-cookie/js.cookie.min3294.js]
[www.rj.gov.br/central/core/misc/jquery.cookie.shim6a51.js]
[www.rj.gov.br/central/sites/default/modules/eu_cookie_compliance/eu_cookie_compliance/js/eu_cookie_compliance83a7.js]
[www.rj.gov.br/central/index.html]
[www.rj.gov.br/central/core/themes/stable/images/core/throbber-active.gif]
[www.rj.gov.br/central/core/themes/stable/images/core/loading-small.gif]
[www.rj.gov.br/central/core/themes/stable/css/system/components/ajax-progress.module1921.css]
[www.rj.gov.br/central/core/themes/stable/css/system/components/align.module1921.css]
[www.rj.gov.br/central/core/themes/stable/images/core/throbber-inactive.png]
[www.rj.gov.br/central/core/themes/stable/css/system/components/autocomplete-loading.module1921.css]
[www.rj.gov.br/central/core/themes/stable/css/system/components/fieldgroup.module1921.css]
[www.rj.gov.br/central/core/themes/stable/css/system/components/container-inline.module1921.css]
[www.rj.gov.br/central/core/themes/stable/css/system/components/clearfix.module1921.css]
[www.rj.gov.br/central/core/themes/stable/css/system/components/details.module1921.css]
[www.rj.gov.br/central/core/themes/stable/css/system/components/hidden.module1921.css]
[www.rj.gov.br/central/core/themes/stable/css/system/components/item-list.module1921.css]
[www.rj.gov.br/central/core/themes/stable/css/system/components/js.module1921.css]
[www.rj.gov.br/central/core/themes/stable/css/system/components/nowrap.module1921.css]
[www.rj.gov.br/central/core/themes/stable/css/system/components/position-container.module1921.css]
[www.rj.gov.br/central/core/themes/stable/css/system/components/progress.module1921.css]
[www.rj.gov.br/central/core/themes/stable/css/system/components/reset-appearance.module1921.css]
[www.rj.gov.br/central/core/themes/stable/css/system/components/resize.module1921.css]
[www.rj.gov.br/central/core/themes/stable/css/system/components/sticky-header.module1921.css]
[www.rj.gov.br/central/core/themes/stable/css/system/components/system-status-counter1921.css]
[www.rj.gov.br/central/core/themes/stable/css/system/components/system-status-report-counters1921.css]
[www.rj.gov.br/central/core/themes/stable/css/system/components/system-status-report-general-info1921.css]
[www.rj.gov.br/central/core/themes/stable/css/system/components/tabledrag.module1921.css]
[www.rj.gov.br/central/core/themes/stable/css/system/components/tablesort.module1921.css]
[www.rj.gov.br/central/core/themes/stable/images/core/tree.png]
[www.rj.gov.br/central/core/themes/stable/images/core/tree-bottom.png]
[www.rj.gov.br/central/core/themes/stable/css/system/components/tree-child.module1921.css]
[www.rj.gov.br/central/core/themes/stable/css/views/views.module1921.css]
[www.rj.gov.br/central/sites/default/modules/video_embed_field/css/video_embed_field.responsive-video1921.css]
[www.rj.gov.br/central/sites/default/libraries/flexslider/fonts/flexslider-icon.eot]
[www.rj.gov.br/central/sites/default/libraries/flexslider/fonts/flexslider-icond41d.eot]
[www.rj.gov.br/central/sites/default/libraries/flexslider/fonts/flexslider-icon.woff]
[www.rj.gov.br/central/sites/default/libraries/flexslider/fonts/flexslider-icon.ttf]
[www.rj.gov.br/central/sites/default/libraries/flexslider/flexslider1921.css]
[www.rj.gov.br/central/sites/default/modules/eu_cookie_compliance/eu_cookie_compliance/images/gradient.png]
[www.rj.gov.br/central/sites/default/modules/eu_cookie_compliance/eu_cookie_compliance/css/eu_cookie_compliance1921.css]
[www.rj.gov.br/central/sites/default/modules/flexslider/assets/css/flexslider_img1921.css]
[www.rj.gov.br/central/core/themes/stable/css/core/assets/vendor/normalize-css/normalize1921.css]
[www.rj.gov.br/central/core/themes/stable/css/core/normalize-fixes1921.css]
[www.rj.gov.br/central/core/themes/classy/css/components/action-links1921.css]
[www.rj.gov.br/central/core/themes/classy/css/components/breadcrumb1921.css]
[www.rj.gov.br/central/core/themes/classy/css/components/button1921.css]
[www.rj.gov.br/central/core/misc/menu-expanded.png]
[www.rj.gov.br/central/core/themes/classy/css/components/collapse-processed1921.css]
[www.rj.gov.br/central/core/themes/classy/css/components/container-inline1921.css]
[www.rj.gov.br/central/core/themes/classy/css/components/details1921.css]
[www.rj.gov.br/central/core/themes/classy/css/components/exposed-filters1921.css]
[www.rj.gov.br/central/core/themes/classy/css/components/field1921.css]
[www.rj.gov.br/central/core/themes/classy/css/components/form1921.css]
[www.rj.gov.br/central/core/misc/help.png]
[www.rj.gov.br/central/core/themes/classy/css/components/icons1921.css]
[www.rj.gov.br/central/core/themes/classy/css/components/inline-form1921.css]
[www.rj.gov.br/central/core/themes/classy/css/components/item-list1921.css]
[www.rj.gov.br/central/core/themes/classy/css/components/link1921.css]
[www.rj.gov.br/central/core/themes/classy/css/components/links1921.css]
[www.rj.gov.br/central/core/misc/menu-collapsed.png]
[www.rj.gov.br/central/core/misc/menu-collapsed-rtl.png]
[www.rj.gov.br/central/core/themes/classy/css/components/menu1921.css]
[www.rj.gov.br/central/core/themes/classy/css/components/more-link1921.css]
[www.rj.gov.br/central/core/themes/classy/css/components/pager1921.css]
[www.rj.gov.br/central/core/themes/classy/css/components/tabledrag1921.css]
[www.rj.gov.br/central/core/themes/classy/css/components/tableselect1921.css]
[www.rj.gov.br/central/core/themes/classy/css/components/tablesort1921.css]
[www.rj.gov.br/central/core/themes/classy/css/components/tabs1921.css]
[www.rj.gov.br/central/core/themes/classy/css/components/textarea1921.css]
[www.rj.gov.br/central/core/themes/classy/css/components/ui-dialog1921.css]
[www.rj.gov.br/central/core/themes/classy/css/components/messages1921.css]
[www.rj.gov.br/central/sites/default/themes/rjgov/css/reset1921.css]
[www.rj.gov.br/central/sites/default/themes/rjgov/css/magnific-popup1921.css]
[www.rj.gov.br/central/sites/default/themes/rjgov/css/contraste1921.css]
[www.rj.gov.br/central/sites/default/themes/rjgov/css/menu-mobile1921.css]
[www.rj.gov.br/central/sites/default/themes/rjgov/css/modal-component1921.css]
[www.rj.gov.br/central/sites/default/themes/rjgov/css/acessibilidade-dropdown1921.css]
[www.rj.gov.br/central/sites/default/themes/rjgov/css/style1921.css]
[www.rj.gov.br/central/sites/default/themes/rjgov/css/flip-card1921.css]
[www.rj.gov.br/central/sites/default/themes/rjgov/css/bootstrap-glyphicons1921.css]
[www.rj.gov.br/central/sites/default/themes/rjgov/imagens/logo-proderj.png]
[www.rj.gov.br/central/sites/default/themes/rjgov/css/portal-governo1921.css]
[www.rj.gov.br/central/sites/default/themes/rjgov/imagens/left-arrow.png]
[www.rj.gov.br/central/sites/default/themes/rjgov/imagens/right-arrow.png]
[www.rj.gov.br/central/sites/default/themes/rjgov/css/proderj1921.css]
[www.rj.gov.br/central/sites/default/themes/rjgov/css/aos/dist/aos1921.css]
[www.rj.gov.br/central/sites/default/themes/rjgov/css/transparencia1921.css]
[www.rj.gov.br/central/sites/default/themes/rjgov/css/swiper1921.css]
[www.rj.gov.br/sites/site_pesagro/files/2021-09/logo-pesagro-rio_az.html]
[www.rj.gov.br/central/sites/default/themes/rjgov/css/inpage1921.css]
[www.rj.gov.br/central/sites/default/themes/rjgov/css/modificados1921.css]
[www.rj.gov.br/central/sites/default/themes/rjgov/css/menu-dropdown1921.html]
[www.rj.gov.br/central/sites/default/themes/rjgov/css/tema-roxo1921.css]
[www.googletagmanager.com/gtmfcef.js]
[cdnjs.cloudflare.com/ajax/libs/slick-carousel/1.6.0/slick.min.css]
[cdnjs.cloudflare.com/ajax/libs/slick-carousel/1.6.0/slick-theme.min.css]
[cdnjs.cloudflare.com/ajax/libs/intro.js/3.2.1/introjs.min.css]
[cdn.rybena.com.br/dom/master/latest/rybena80c8.js]
[www.rj.gov.br/static/css/main.6769a6d0.chunk.css]
[cdnjs.cloudflare.com/ajax/libs/intro.js/3.2.1/intro.min.js]
[jitsi.rj.gov.br/external_api.js]
[www.rj.gov.br/assets/images/eye.png]
[www.rj.gov.br/assets/images/voice.png]
[www.rj.gov.br/static/js/9.f0d60703.chunk.js]
[www.rj.gov.br/libraries/fontawesome/js/all.html]
[www.rj.gov.br/libraries/fontawesome/js/v4-shims.html]
[www.rj.gov.br/central/historia.html]
[www.rj.gov.br/central/diretoria_executiva.html]
[www.rj.gov.br/central/estatuto_social.html]
[www.rj.gov.br/central/organograma.html]
[www.rj.gov.br/central/Politicas.html]
[www.rj.gov.br/central/Normas_Internas.html]
[www.rj.gov.br/central/Relatório de Governança Corporativa.html]
[www.rj.gov.br/central/Relatario de Gestao.html]
[www.rj.gov.br/central/Sustentabilidade.html]
[www.rj.gov.br/central/ata-de-reunião.html]
[www.rj.gov.br/central/carta_de_servicos.html]
[www.rj.gov.br/central/ouvidoria_do_bonde.html]
[www.rj.gov.br/central/ouvidoria_da_central.html]
[www.rj.gov.br/central/ver-mais.html]
[www.rj.gov.br/central/LGPD.html]
[www.rj.gov.br/central/regulamento.html]
[www.rj.gov.br/central/andamento.html]
[www.rj.gov.br/central/realizadas.html]
[www.rj.gov.br/static/js/main.1204625c.chunk.js]
[www.rj.gov.br/central/suspensas.html]
[www.rj.gov.br/central/sei_rj.html]
[www.rj.gov.br/central/curso_online.html]
[www.rj.gov.br/central/video_aula.html]
[www.rj.gov.br/central/manual.html]
[www.rj.gov.br/central/PDTU.html]
[www.rj.gov.br/central/PET.html]
[www.rj.gov.br/central/informacoes_gerenciais.html]
[www.rj.gov.br/central/informacoes_financeiras.html]
[www.rj.gov.br/central/banco_mundial.html]
[www.rj.gov.br/central/acesso_interno.html]
[www.rj.gov.br/central/siafe.html]
[www.rj.gov.br/central/node/862.html]
[www.rj.gov.br/central/node/860.html]
[www.rj.gov.br/central/node/851.html]
[www.rj.gov.br/central/node/847.html]
[www.rj.gov.br/central/node/844.html]
[www.rj.gov.br/central/node/842.html]
[www.rj.gov.br/central/node/828.html]
[www.rj.gov.br/central/node/822.html]
[www.rj.gov.br/central/noticias.html]
[www.rj.gov.br/central/videos.html]
[www.rj.gov.br/central/presidente.html]
[www.rj.gov.br/central/agenda_presidente.html]
[www.rj.gov.br/central/institucional.html]
[www.rj.gov.br/central/acoes_e_programas.html]
[www.rj.gov.br/central/participacao_social.html]
[www.rj.gov.br/central/auditorias.html]
[www.rj.gov.br/central/convenios_e_transferencia.html]
[www.rj.gov.br/central/receitas_e_despesas.html]
[www.rj.gov.br/central/licitacoes_e_contratos.html]
[www.rj.gov.br/central/servidores.html]
[www.rj.gov.br/central/informacoes_classificadas.html]
[www.rj.gov.br/central/servico-de-informacao-cidadao.html]
[www.rj.gov.br/central/perguntas_frequentes.html]
[www.rj.gov.br/central/dados_abertos.html]
[www.rj.gov.br/central/core/themes/stable/images/core/icons/e32700/error.svg]
[www.rj.gov.br/central/core/themes/stable/images/core/icons/e29700/warning.svg]
[www.rj.gov.br/central/core/themes/stable/images/core/icons/73b355/check.svg]
[www.rj.gov.br/central/core/themes/stable/images/core/icons/787878/move.svg]
[www.rj.gov.br/central/core/themes/stable/images/core/icons/000000/move.svg]
[www.rj.gov.br/central/core/themes/stable/images/core/icons/787878/twistie-down.svg]
[www.rj.gov.br/central/core/themes/stable/images/core/icons/787878/twistie-up.svg]
[www.rj.gov.br/central/sites/default/modules/video_embed_field/css/icons/play.svg]
[www.rj.gov.br/central/sites/default/libraries/flexslider/fonts/flexslider-icon.svg]
[www.rj.gov.br/central/core/misc/icons/ee0000/required.svg]
[www.rj.gov.br/central/core/misc/icons/e32700/error.svg]
[www.rj.gov.br/central/core/misc/feed.svg]
[www.rj.gov.br/central/core/misc/icons/73b355/check.svg]
[www.rj.gov.br/central/core/misc/icons/e29700/warning.svg]
[www.rj.gov.br/central/sites/default/themes/rjgov/imagens/contraste/search.html]
[www.rj.gov.br/central/sites/default/themes/rjgov/imagens/logo-governo-w.html]
[www.rj.gov.br/central/sites/default/themes/rjgov/imagens/menu-mobile-br.html]
[www.rj.gov.br/central/sites/default/themes/rjgov/imagens/menu-mobile-close.html]
[www.rj.gov.br/central/sites/default/themes/rjgov/imagens/contrast-black.svg]
[www.rj.gov.br/central/sites/default/themes/rjgov/imagens/accessibility.html]
[www.rj.gov.br/central/sites/default/themes/rjgov/imagens/arrow-right.html]
[www.rj.gov.br/central/sites/default/themes/rjgov/imagens/arrow-left.html]
[www.rj.gov.br/central/sites/default/themes/rjgov/imagens/instagram.html]
[www.rj.gov.br/central/sites/default/themes/rjgov/imagens/facebook.html]
[www.rj.gov.br/central/sites/default/themes/rjgov/imagens/twitter.html]
[www.rj.gov.br/central/sites/default/themes/rjgov/imagens/youtube.html]
[www.rj.gov.br/central/sites/default/themes/rjgov/imagens/flickr.html]
[www.rj.gov.br/central/sites/default/themes/rjgov/imagens/sm_instagram-ft.svg]
[www.rj.gov.br/central/sites/default/themes/rjgov/imagens/sm_facebook-ft.svg]
[www.rj.gov.br/central/sites/default/themes/rjgov/imagens/sm_twitter-ft.svg]
